hello git
hello gitup
hello gitee
