hello git
fasfsfasfdabb
good day

